0:
r
1:
((apply) (let rec _f0 = _x0 -> _c0 <- {
  send _c0 _x0;
  _c1 <- spawn ((_f0) _x0);
  fwd _c1 _c0
}
)) r
2:
((apply) (let rec _f0 = _x0 -> _c0 <- {
  send _c0 _x0;
  _c1 <- spawn ((_f0) _x0);
  fwd _c1 _c0
}
)) 1
3:
((apply) (let rec _f0 = _x0 -> _c0 <- {
  send _c0 _x0;
  _c1 <- spawn ((_f0) r);
  fwd _c1 _c0
}
)) r
4:
((apply) (let rec _f0 = _x0 -> _c0 <- {
  send _c0 _x0;
  _c1 <- spawn ((_f0) r);
  fwd _c1 _c0
}
)) 1
5:
((apply) (let rec _f0 = _x0 -> _c0 <- {
  send _c0 _x0;
  _c1 <- spawn ((_f0) 1);
  fwd _c1 _c0
}
)) r
